// Jest Snapshot v1, https://goo.gl/fbAQLP

exports[`<PostTemplate/> should match snapshot 1`] = `
<CoreLayout
  className="post post__test-slug"
  data-test="template-post"
  description=""
  isMenuOpen={false}
  title="test"
>
  <Heading
    className="text-center"
    innerHTML={true}
    priority="1"
  >
    test
  </Heading>
  <AcfComponents
    component={
      Object {
        "acf_fc_layout": "WordPressAcf_Text_Block",
      }
    }
    key="0"
    pageTheme="brand"
  />
</CoreLayout>
`;
