// Jest Snapshot v1, https://goo.gl/fbAQLP

exports[`<WordTemplate/> should match snapshot 1`] = `
<CoreLayout
  classes="word word__test-slug"
  data-test="template-word"
  description=""
  onGetSiteMeta={[Function]}
  onGetSiteOptions={[Function]}
  title="test"
>
  <Section
    classes={null}
    contrast={false}
    theme={null}
    type="section"
  >
    <Container
      fluid={false}
    >
      <Row
        column={false}
        reverse={false}
        row={true}
      >
        <Flex
          classes="flex"
          col={null}
          colLg={null}
          colMd={null}
          colSm={null}
          colXl={null}
          colXs={null}
          lg={false}
          md={false}
          sm={false}
          type="div"
          xl={false}
          xs={false}
        >
          <Heading
            classes="text-center mt-1"
            priority="1"
          >
            test
          </Heading>
        </Flex>
      </Row>
    </Container>
  </Section>
</CoreLayout>
`;
