// Jest Snapshot v1, https://goo.gl/fbAQLP

exports[`<PureTagCloudList/> should match snapshot PureTagCloudList 1`] = `
<Fragment>
  <li
    className="label-cloud__item"
    data-test="tag-cloud-item"
    key="1"
  >
    <Label
      caps={false}
      classes="label-cloud__label"
      link="/tag/test-slug"
      size="sm"
      theme="brand"
    >
      <FontAwesomeIcon
        border={false}
        className="label-cloud__icon"
        fixedWidth={false}
        flip={null}
        icon={
          Array [
            "far",
            "atom-alt",
          ]
        }
        inverse={false}
        listItem={false}
        mask={null}
        pull={null}
        pulse={false}
        rotation={null}
        size={null}
        spin={false}
        symbol={false}
        title=""
        transform={null}
      />
      test-name
    </Label>
  </li>
</Fragment>
`;

exports[`<PureTagCloudList/> should match snapshot TagCloudList 1`] = `
<ul
  className="label-cloud"
  data-test="component-tag-cloud"
>
  <mockConstructor
    data-test="component-tag-cloud-query"
    render={[Function]}
  />
</ul>
`;
