// Jest Snapshot v1, https://goo.gl/fbAQLP

exports[`<FormField/> should match snapshot 1`] = `
<div
  className="form-field"
  data-test="component-form-field"
>
  form-name
</div>
`;
