// Jest Snapshot v1, https://goo.gl/fbAQLP

exports[`<acfComponents/> should match snapshot 1`] = `
<acfComponents
  component={
    Object {
      "acf_fc_layout": "text_block",
    }
  }
  pageTheme="brand"
/>
`;
