// Jest Snapshot v1, https://goo.gl/fbAQLP

exports[`<FormBase/> should match snapshot 1`] = `
<div
  data-test="component-form-base"
/>
`;
