// Jest Snapshot v1, https://goo.gl/fbAQLP

exports[`<BlogCard/> should match snapshot 1`] = `
<div
  data-test="component-blog-card"
/>
`;
