// Jest Snapshot v1, https://goo.gl/fbAQLP

exports[`<WordTemplate/> should match snapshot 1`] = `
<CoreLayout
  classes="word word__test-slug"
  data-test="template-word"
  description=""
  headerTitle="test <span class=\\"ml-1\\">[test]</span>"
  isMenuOpen={false}
  title="test"
>
  <Section
    classes={null}
    contrast={false}
    theme={null}
    type="section"
  >
    <Container
      classes={null}
      fluid={false}
    >
      <Row
        classes={null}
        column={false}
        reverse={false}
        row={true}
      >
        <Flex
          auto={false}
          lg={false}
          md={false}
          sm={false}
          type="div"
          xl={false}
          xs={false}
        >
          <Heading
            classes="text-center mt-1"
            priority="1"
          >
            test
          </Heading>
        </Flex>
      </Row>
    </Container>
  </Section>
</CoreLayout>
`;
