// Jest Snapshot v1, https://goo.gl/fbAQLP

exports[`<PureTagCloud/> should match snapshot 1`] = `
<ul
  className="tag-cloud"
  data-test="component-tag-cloud"
/>
`;
