// Jest Snapshot v1, https://goo.gl/fbAQLP

exports[`<Brand/> Should render Brand component 1`] = `
<div
  className="undefined"
>
  <div
    className="undefined"
  >
    <h1>
      Testing
    </h1>
  </div>
</div>
`;
