// Jest Snapshot v1, https://goo.gl/fbAQLP

exports[`<PrimaryHeader/> should match snapshot 1`] = `
<header
  className=""
  data-test="component-primary-header"
>
  <div>
    <Component
      alt={true}
      descriptor="Menu"
      isMenuOpen={false}
      onClick={[Function]}
    />
    <mockConstructor
      to="/"
    >
      <Brand
        center={false}
        classes={null}
        left={true}
        right={false}
        type="symbol-inv"
      />
    </mockConstructor>
    <div>
      <form
        onSubmit={[Function]}
      >
        <InputField
          classes={null}
          disabled={false}
          label={null}
          lg={false}
          max={null}
          md={false}
          min={null}
          name="hero-search"
          onChange={[Function]}
          placeholder="Enter a search term. e.g. HTML"
          sm={false}
          type="text"
        />
        <Button
          behavior="action"
          caps={true}
          size="md"
          text={
            <FontAwesomeIcon
              border={false}
              className=""
              fixedWidth={false}
              flip={null}
              icon={
                Array [
                  "far",
                  "search",
                ]
              }
              inverse={false}
              listItem={false}
              mask={null}
              pull={null}
              pulse={false}
              rotation={null}
              size={null}
              spin={false}
              symbol={false}
              title=""
              transform={null}
            />
          }
          theme="brand"
          type="submit"
        >
          <FontAwesomeIcon
            border={false}
            className=""
            fixedWidth={false}
            flip={null}
            icon={
              Array [
                "far",
                "search",
              ]
            }
            inverse={false}
            listItem={false}
            mask={null}
            pull={null}
            pulse={false}
            rotation={null}
            size={null}
            spin={false}
            symbol={false}
            title=""
            transform={null}
          />
        </Button>
      </form>
    </div>
  </div>
</header>
`;
