// Jest Snapshot v1, https://goo.gl/fbAQLP

exports[`<Section/> should match snapshot 1`] = `
<section
  className="section theme--tint-alpha"
  data-test="component-section"
>
  &lt;div&gt;&lt;/div&gt;
</section>
`;
