// Jest Snapshot v1, https://goo.gl/fbAQLP

exports[`<SocialItem/> Should render SocialItem Component 1`] = `ShallowWrapper {}`;
