// Jest Snapshot v1, https://goo.gl/fbAQLP

exports[`<PrimaryFooter/> should match snapshot 1`] = `
<footer
  className="primary-footer"
  data-test="component-primary-footer"
>
  <div
    className="primary-footer--top"
  >
    <Container
      className={null}
      fluid={false}
    >
      <Row
        className={null}
        column={false}
        reverse={false}
        row={true}
      >
        <Flex
          auto={false}
          colLg={4}
          colMd={5}
          lg={false}
          md={false}
          sm={false}
          type="div"
          xl={false}
          xs={false}
        >
          <Heading
            className="primary-footer__heading"
            innerHTML={true}
            priority={5}
          >
            About
          </Heading>
          <Heading
            className="primary-footer__legal-copy"
            innerHTML={false}
            priority={6}
          >
            Get real-world definitions to complex dev terms | Supported by
             
            <a
              className="primary-footer__link"
              href="http://www.jppdesigns.co.uk"
            >
              JPPdesigns Web design & Development
            </a>
             
            | Â©
             
            Devesaurus 2019 | Developed by: Joel Pierre-Powell
          </Heading>
          <SocialMenu
            className="mt-3 primary-footer__social"
          />
        </Flex>
        <Flex
          auto={false}
          className="ml-auto"
          colLg={3}
          colMd={6}
          lg={false}
          md={false}
          sm={false}
          type="div"
          xl={false}
          xs={false}
        >
          <Heading
            className="primary-footer__heading"
            innerHTML={true}
            priority={5}
          >
            Featured Words
          </Heading>
          <FeaturedWordsList
            className="primary-footer__featured-words"
          />
        </Flex>
        <Flex
          auto={false}
          className="ml-lg-auto order-lg-1"
          colLg={4}
          colMd={12}
          lg={false}
          md={false}
          sm={false}
          type="div"
          xl={false}
          xs={false}
        >
          <Heading
            className="primary-footer__heading"
            innerHTML={true}
            priority={5}
          >
            Word Tags
          </Heading>
          <div
            className="primary-footer__tag-cloud-wrapper"
          >
            <LabelCloud
              className="primary-footer__tag-cloud"
              taxonomy="word_tag"
            />
          </div>
        </Flex>
      </Row>
    </Container>
  </div>
  <div
    className="primary-footer--bottom"
  >
    <Container
      className={null}
      fluid={false}
    >
      <Row
        className={null}
        column={false}
        reverse={false}
        row={true}
      >
        <Flex
          auto={false}
          className="primary-footer__legal"
          colLg={5}
          colMd={12}
          lg={false}
          md={false}
          sm={false}
          type="div"
          xl={false}
          xs={false}
        >
          <mockConstructor
            to="/"
          >
            <Brand
              center={false}
              className="primary-footer__brand mb-2"
              left={true}
              right={false}
              type="text"
            />
          </mockConstructor>
        </Flex>
        <Flex
          auto={false}
          className="display-flex"
          colLg={7}
          colMd={12}
          lg={false}
          md={false}
          sm={false}
          type="div"
          xl={false}
          xs={false}
        >
          <TermsMenu
            className="primary-footer__terms-menu"
          />
        </Flex>
      </Row>
    </Container>
  </div>
</footer>
`;
