// Jest Snapshot v1, https://goo.gl/fbAQLP

exports[`<SvgIcon/> Should render SvgIcon Component 1`] = `ShallowWrapper {}`;
